0 verbose cli /home/linuxbrew/.linuxbrew/Cellar/node/26.7.0/bin/node /home/qqp/.local/bin/npm
1 info using npm@11.19.0
2 info using node@v26.7.0
3 silly config load:file:/home/linuxbrew/.linuxbrew/lib/node_modules/npm/npmrc
4 silly config load:file:/tmp/qq-alpha3-live-20260902-tOGSQnO8/spike/.npmrc
5 silly config load:file:/tmp/qq-alpha3-live-20260902-tOGSQnO8/os-home/.npmrc
6 silly config load:file:/home/linuxbrew/.linuxbrew/etc/npmrc
7 verbose title npm ping
8 verbose argv "ping" "--registry" "https://registry.npmjs.org" "--fetch-retries" "0" "--fetch-timeout" "15000"
9 verbose logfile logs-max:10 dir:/tmp/qq-alpha3-live-20260902-tOGSQnO8/npm-cache/_logs/2026-09-02T05_56_23_117Z-
10 verbose logfile /tmp/qq-alpha3-live-20260902-tOGSQnO8/npm-cache/_logs/2026-09-02T05_56_23_117Z-debug-0.log
11 silly logfile done cleaning log files
12 notice PING https://registry.npmjs.org/
13 http fetch GET https://registry.npmjs.org/npm attempt 1 failed with ENOTFOUND
14 http fetch GET https://registry.npmjs.org/-/ping attempt 1 failed with ENOTFOUND
15 verbose type system
16 verbose stack FetchError: request to https://registry.npmjs.org/-/ping failed, reason: getaddrinfo ENOTFOUND registry.npmjs.org
16 verbose stack     at ClientRequest.<anonymous> (/home/linuxbrew/.linuxbrew/lib/node_modules/npm/node_modules/minipass-fetch/lib/index.js:130:14)
16 verbose stack     at ClientRequest.emit (node:events:514:20)
16 verbose stack     at emitErrorEvent (node:_http_client:114:11)
16 verbose stack     at _destroy (node:_http_client:1169:9)
16 verbose stack     at onSocketNT (node:_http_client:1190:5)
16 verbose stack     at process.processTicksAndRejections (node:internal/process/task_queues:91:21)
17 error code ENOTFOUND
18 error syscall getaddrinfo
19 error errno ENOTFOUND
20 error network request to https://registry.npmjs.org/-/ping failed, reason: getaddrinfo ENOTFOUND registry.npmjs.org
21 error network This is a problem related to network connectivity.
21 error network In most cases you are behind a proxy or have bad network settings.
21 error network
21 error network If you are behind a proxy, please make sure that the 'proxy' config is set properly.  See: 'npm help config'
22 verbose cwd /tmp/qq-alpha3-live-20260902-tOGSQnO8/spike
23 verbose os Linux 6.17.0-1030-oem
24 verbose node v26.7.0
25 verbose npm  v11.19.0
26 verbose exit 1
27 verbose code 1
28 error A complete log of this run can be found in: /tmp/qq-alpha3-live-20260902-tOGSQnO8/npm-cache/_logs/2026-09-02T05_56_23_117Z-debug-0.log
